#-----------------------------------------------------------
# Vivado v2023.2 (64-bit)
# SW Build 4029153 on Fri Oct 13 20:14:34 MDT 2023
# IP Build 4028589 on Sat Oct 14 00:45:43 MDT 2023
# SharedData Build 4025554 on Tue Oct 10 17:18:54 MDT 2023
# Start of session at: Sat Jun 22 14:36:01 2024
# Process ID: 1676
# Current directory: D:/work_directory/TDC/Encoder/Encoder
# Command line: vivado.exe -gui_launcher_event rodinguilauncherevent8844 D:\work_directory\TDC\Encoder\Encoder\Encoder.xpr
# Log file: D:/work_directory/TDC/Encoder/Encoder/vivado.log
# Journal file: D:/work_directory/TDC/Encoder/Encoder\vivado.jou
# Running On: LAPTOP-UQD20HRI, OS: Windows, CPU Frequency: 2419 MHz, CPU Physical cores: 4, Host memory: 16952 MB
#-----------------------------------------------------------
start_gui
open_project D:/work_directory/TDC/Encoder/Encoder/Encoder.xpr
update_compile_order -fileset sources_1
launch_simulation -mode post-implementation -type timing
source tb_top.tcl
run 10 ns
run 10 ns
run 10 ns
run 10 ns
run 10 ns
run 10 ns
run 10 ns
run 10 ns
reset_run synth_1
launch_runs synth_1 -jobs 4
wait_on_run synth_1
launch_simulation -mode post-synthesis -type timing
source tb_top.tcl
run 10 ns
run 10 ns
run 10 ns
run 10 ns
run 10 ns
run 10 ns
run 10 ns
run 10 ns
launch_simulation
source tb_top.tcl
run 10 ns
run 10 ns
run 10 ns
run 10 ns
run 10 ns
reset_run synth_1
launch_runs impl_1 -jobs 4
wait_on_run impl_1
current_design impl_1
refresh_design
current_sim simulation_1
close_sim
launch_simulation -mode post-implementation -type timing
current_sim simulation_3
close_sim
close_sim
