14:53:50 **** Build of configuration Debug for project hello_world_new_new_new ****
make all 
'Building file: ../src/helloworld.c'
'Invoking: ARM v8 gcc compiler'
aarch64-none-elf-gcc -Wall -O0 -g3 -c -fmessage-length=0 -MT"src/helloworld.o" -ID:/work_directory/test/test_channel/testchannel_wrapper_3/export/testchannel_wrapper_3/sw/testchannel_wrapper_3/standalone_psu_cortexa53_0/bspinclude/include -MMD -MP -MF"src/helloworld.d" -MT"src/helloworld.o" -o "src/helloworld.o" "../src/helloworld.c"
../src/helloworld.c: In function 'main':
../src/helloworld.c:33:5: warning: implicit declaration of function 'usleep' [-Wimplicit-function-declaration]
   33 |     usleep(10000);
      |     ^~~~~~
'Finished building: ../src/helloworld.c'
' '
'Building file: ../src/platform.c'
'Invoking: ARM v8 gcc compiler'
aarch64-none-elf-gcc -Wall -O0 -g3 -c -fmessage-length=0 -MT"src/platform.o" -ID:/work_directory/test/test_channel/testchannel_wrapper_3/export/testchannel_wrapper_3/sw/testchannel_wrapper_3/standalone_psu_cortexa53_0/bspinclude/include -MMD -MP -MF"src/platform.d" -MT"src/platform.o" -o "src/platform.o" "../src/platform.c"
'Finished building: ../src/platform.c'
' '
'Building target: hello_world_new_new_new.elf'
'Invoking: ARM v8 gcc linker'
aarch64-none-elf-gcc -Wl,-T -Wl,../src/lscript.ld -LD:/work_directory/test/test_channel/testchannel_wrapper_3/export/testchannel_wrapper_3/sw/testchannel_wrapper_3/standalone_psu_cortexa53_0/bsplib/lib -o "hello_world_new_new_new.elf"  ./src/helloworld.o ./src/platform.o   -Wl,--start-group,-lxil,-lgcc,-lc,--end-group
'Finished building target: hello_world_new_new_new.elf'
' '
'Invoking: ARM v8 Print Size'
aarch64-none-elf-size hello_world_new_new_new.elf  |tee "hello_world_new_new_new.elf.size"
   text	   data	    bss	    dec	    hex	filename
  89380	   4728	  20820	 114928	  1c0f0	hello_world_new_new_new.elf
'Finished building: hello_world_new_new_new.elf.size'
' '

14:53:52 Build Finished (took 1s.413ms)

