13:36:39 **** Build of configuration Debug for project hello_world_new ****
make all 
'Building file: ../src/helloworld.c'
'Invoking: ARM v8 gcc compiler'
aarch64-none-elf-gcc -Wall -O0 -g3 -c -fmessage-length=0 -MT"src/helloworld.o" -ID:/work_directory/test/test_channel/testchannel_wrapper_1/export/testchannel_wrapper_1/sw/testchannel_wrapper_1/standalone_psu_cortexa53_0/bspinclude/include -MMD -MP -MF"src/helloworld.d" -MT"src/helloworld.o" -o "src/helloworld.o" "../src/helloworld.c"
../src/helloworld.c: In function 'main':
../src/helloworld.c:28:5: warning: implicit declaration of function 'usleep' [-Wimplicit-function-declaration]
'Finished building: ../src/helloworld.c'
   28 |     usleep(1000);
      |     ^~~~~~
' '
'Building file: ../src/platform.c'
'Invoking: ARM v8 gcc compiler'
aarch64-none-elf-gcc -Wall -O0 -g3 -c -fmessage-length=0 -MT"src/platform.o" -ID:/work_directory/test/test_channel/testchannel_wrapper_1/export/testchannel_wrapper_1/sw/testchannel_wrapper_1/standalone_psu_cortexa53_0/bspinclude/include -MMD -MP -MF"src/platform.d" -MT"src/platform.o" -o "src/platform.o" "../src/platform.c"
'Finished building: ../src/platform.c'
' '
'Building target: hello_world_new.elf'
'Invoking: ARM v8 gcc linker'
aarch64-none-elf-gcc -Wl,-T -Wl,../src/lscript.ld -LD:/work_directory/test/test_channel/testchannel_wrapper_1/export/testchannel_wrapper_1/sw/testchannel_wrapper_1/standalone_psu_cortexa53_0/bsplib/lib -o "hello_world_new.elf"  ./src/helloworld.o ./src/platform.o   -Wl,--start-group,-lxil,-lgcc,-lc,--end-group
'Finished building target: hello_world_new.elf'
' '
'Invoking: ARM v8 Print Size'
aarch64-none-elf-size hello_world_new.elf  |tee "hello_world_new.elf.size"
   text	   data	    bss	    dec	    hex	filename
  89316	   4728	  20820	 114864	  1c0b0	hello_world_new.elf
'Finished building: hello_world_new.elf.size'
' '

13:36:41 Build Finished (took 2s.321ms)

