

================================================================
== Synthesis Summary Report of 'encoder'
================================================================
+ General Information: 
    * Date:           Wed Apr 24 15:39:54 2024
    * Version:        2023.2 (Build 4023990 on Oct 11 2023)
    * Project:        Encoder
    * Solution:       solution1 (Vivado IP Flow Target)
    * Product family: artix7
    * Target device:  xc7a35t-cpg236-1
    

+ Performance & Resource Estimates: 
    
    PS: '+' for module; 'o' for loop; '*' for dataflow
    +-----------+------+-------+---------+--------+----------+---------+------+----------+------+----+---+-----------+-----+
    |  Modules  | Issue|       | Latency | Latency| Iteration|         | Trip |          |      |    |   |           |     |
    |  & Loops  | Type | Slack | (cycles)|  (ns)  |  Latency | Interval| Count| Pipelined| BRAM | DSP| FF|    LUT    | URAM|
    +-----------+------+-------+---------+--------+----------+---------+------+----------+------+----+---+-----------+-----+
    |+ encoder  |     -|  17.78|        0|   0.000|         -|        1|     -|        no|     -|   -|  -|  100 (~0%)|    -|
    +-----------+------+-------+---------+--------+----------+---------+------+----------+------+----+---+-----------+-----+


================================================================
== HW Interfaces
================================================================
* Other Ports
+----------------+---------+-----------+----------+
| Port           | Mode    | Direction | Bitwidth |
+----------------+---------+-----------+----------+
| ap_return      |         | out       | 32       |
| coarse_counter | ap_none | in        | 12       |
| delay_chain    | ap_none | in        | 9        |
+----------------+---------+-----------+----------+

* TOP LEVEL CONTROL
+-----------+------------+-----------------------------------+
| Interface | Type       | Ports                             |
+-----------+------------+-----------------------------------+
| ap_ctrl   | ap_ctrl_hs | ap_done ap_idle ap_ready ap_start |
+-----------+------------+-----------------------------------+


================================================================
== SW I/O Information
================================================================
* Top Function Arguments
+----------------+-----------+-------------+
| Argument       | Direction | Datatype    |
+----------------+-----------+-------------+
| coarse_counter | in        | ap_uint<12> |
| delay_chain    | in        | ap_uint<9>  |
| return         | out       | ap_uint<32> |
+----------------+-----------+-------------+

* SW-to-HW Mapping
+----------------+----------------+---------+
| Argument       | HW Interface   | HW Type |
+----------------+----------------+---------+
| coarse_counter | coarse_counter | port    |
| delay_chain    | delay_chain    | port    |
| return         | ap_return      | port    |
+----------------+----------------+---------+


================================================================
== Bind Op Report
================================================================
+------------------------+-----+--------+------------+-----+--------+---------+
| Name                   | DSP | Pragma | Variable   | Op  | Impl   | Latency |
+------------------------+-----+--------+------------+-----+--------+---------+
| + encoder              | 0   |        |            |     |        |         |
|   add_ln28_fu_164_p2   |     |        | add_ln28   | add | fabric | 0       |
|   add_ln28_1_fu_174_p2 |     |        | add_ln28_1 | add | fabric | 0       |
|   add_ln28_8_fu_184_p2 |     |        | add_ln28_8 | add | fabric | 0       |
|   add_ln28_2_fu_190_p2 |     |        | add_ln28_2 | add | fabric | 0       |
|   add_ln28_3_fu_204_p2 |     |        | add_ln28_3 | add | fabric | 0       |
|   add_ln28_4_fu_214_p2 |     |        | add_ln28_4 | add | fabric | 0       |
|   add_ln28_9_fu_224_p2 |     |        | add_ln28_9 | add | fabric | 0       |
|   add_ln28_5_fu_230_p2 |     |        | add_ln28_5 | add | fabric | 0       |
+------------------------+-----+--------+------------+-----+--------+---------+


================================================================
== Storage Report
================================================================
  No bind storage info in design

================================================================
== Pragma Report
================================================================
* Valid Pragma Syntax
+--------+---------+-----------------------------------------+
| Type   | Options | Location                                |
+--------+---------+-----------------------------------------+
| top    |         | Encoder/source/encoder.cpp:4 in encoder |
| unroll |         | Encoder/source/encoder.cpp:15 in assign |
| unroll |         | Encoder/source/encoder.cpp:19 in assign |
+--------+---------+-----------------------------------------+


